d
.
-1
1994
11
1
16
27

d
..
-1
2010
4
3
0
0

d
2012_-_2012-(2009)-[1080p]_[BD]
-1
1994
5
26
15
51

-
_READ_ME.txt
4931
1994
6
8
15
24

d
Áåç_ëèöà_-_Face_Off-(1997)-[1080p]_[BD]
-1
1994
11
1
16
27

d
Ââåðõ_-_Up-(2009)-[1080p]_[BD]
-1
2010
1
22
0
0

d
Âñïîìíèòü_âñå_-_Total_Recall-(1990)-[1080p]_[BD]
-1
1994
5
27
18
12

d
Çàêîíîïîñëóøíûé_ãðàæäàíèí_[Ðàñøèðåííàÿ_âåðñèÿ]_-_Law_Abiding_Citizen_[Unrated_Edition]-(2009)-[1080p]_[BD_Remux]
-1
1994
5
21
14
28

d
Ìîíñòðî_-_Cloverfield-(2008)-[1080p]_[BD]
-1
2010
1
21
0
0

d
Ïàíäîðóì_-_Pandorum-(2009)-[1080p]_[BD]
-1
1994
5
26
13
43

d
Ïîñëåäíèé_ñàìóðàé_-_The_Last_Samurai-(2003)-[1080p]_[BD]
-1
1994
5
27
14
18

d
Ðàéîí_9_-_District_9-(2009)-[1080p]_[BD]
-1
2010
1
27
0
0

d
Ðîêêè_Àíòîëîãèÿ_-_Rocky_The_Undisputed_Collection-(1976_1979_1982_1985_1990)-[1080p]_[BD]
-1
2010
1
1
0
0

d
Ñóððîãàòû_-_Surrogates-(2009)-[1080p]_[BD]
-1
1994
5
31
12
57

d
Òðîéíîé_Ôîðñàæ-Òîêèéñêèé_Äðèôò_-_The_Fast_and_the_Furious-Tokyo_Drift-(2006)-[1080p]_[BD]
-1
2010
1
28
0
0

d
Ôîðñàæ_-_The_Fast_and_the_Furious-(2001)-[1080p]_[BD]
-1
2010
1
8
0
0

d
Ôîðñàæ_2_-_2_Fast_2_Furious-(2003)-[1080p]_[BD]
-1
2010
1
6
0
0

d
Ôîðñàæ_4_-_Fast_&_Furious-(2009)-[1080p]_[BD]
-1
1994
6
8
15
26
