d
.
-1
2009
7
15
0
0

d
..
-1
2010
4
3
0
0

-
_READ_ME.txt
4931
1994
6
8
15
24

d
Àâàëîí_-_Avalon-(2001)-[1080p]_[BD_Remux]
-1
2009
4
27
0
0

d
Áðþñ_âñåìîãóùèé_-_Bruce_Almighty-(2003)-[1080p]_[BD]
-1
2009
6
15
0
0

d
ÂÀËË-È_-_WALL-E-(2008)-[1080p]_[BD]
-1
2009
4
15
0
0

d
Äæåéìñ_Áîíä_007-Êâàíò_ìèëîñåðäèÿ_-_James_Bond_007-Quantum_of_Solace-(2008)-[1080p]_[BD]
-1
2009
4
28
0
0

d
Êîñìîñ-Òåððèòîðèÿ_cìåðòè_-_Dead_Space-Downfall-(2008)-[1080p]_[BD]
-1
2009
4
15
0
0

d
Ìàäàãàñêàð_1_-_Madagascar_1-(2005)-[1080p]_[BD]
-1
2009
7
3
0
0

d
Ìàäàãàñêàð_2_-_Madagascar-Escape_2_Africa-(2008)-[1080p]_[BD]
-1
2009
7
3
0
0

d
Ìàòðèöà-Ïåðåçàãðóçêà_-_The_Matrix-Reloaded-(2003)-[1080p]_[BD]
-1
2009
6
13
0
0

d
Ìàòðèöà-Ðåâîëþöèÿ_-_The_Matrix-Revolutions-(2003)-[1080p]_[BD]
-1
2009
6
14
0
0

d
Ìàòðèöà_-_The_Matrix-(1999)-[1080p]_[BD]
-1
2009
6
12
0
0

d
Îáèòåëü_çëà_3_-_Resident_Evil-Extinction-(2007)-[1080p]_[BD]
-1
2009
7
2
0
0

d
Îñòðîâ_-_The_Island-(2005)-[1080p]_[BD]
-1
2009
5
1
0
0

d
Ïåðåâîç÷èê_3_-_Transporter_3-(2008)-[1080p]_[BD]
-1
2009
7
3
0
0

d
Ïèðàòû_Êàðèáñêîãî_ìîðÿ-Íà_êðàþ_Ñâåòà_-_Pirates_of_the_Caribbean-At_World's_End-(2007)-[1080p]_[BD]
-1
2009
5
2
0
0

d
Ïèðàòû_Êàðèáñêîãî_ìîðÿ-Ïðîêëÿòèå_×åðíîé_Æåì÷óæèíû_-_Pirates_of_the_Caribbean-The_Curse_of_the_Black_Pearl-(2003)-[1080p]_[BD]
-1
2009
5
3
0
0

d
Ïèðàòû_Êàðèáñêîãî_ìîðÿ-Ñóíäóê_ìåðòâåöà_-_Pirates_of_the_Caribbean-Dead_Man's_Chest-(2006)-[1080p]_[BD]
-1
2009
5
2
0
0

d
Ïðèçðà÷íûé_ãîíùèê_-_Ghost_Rider-(2007)-[1080p]_[BD]
-1
2009
5
1
0
0

d
Ïðèíöåññà-íåâåñòà_-_The_Princess_Bride-(1987)-[1080p]_[BD]
-1
2009
4
29
0
0

d
Ñåêñ_è_101_ñìåðòü_-_Sex_and_Death_101-(2007)-[1080p]_[BD]
-1
2009
6
8
0
0

d
Òðàíñôîðìåðû-Áîíóñ_äèñê_-_Transformers-Bonus_Disk-(2007)-[1080p]_[BD]
-1
2009
5
1
0
0

d
Òðàíñôîðìåðû_-_Transformers-(2007)-[1080p]_[BD]
-1
2009
4
30
0
0

d
Òðèíàäöàòûé_ýòàæ_-_The_Thirteenth_Floor-(1999)-[1080p]_[BD]
-1
2009
6
7
0
0

d
Óëè÷íûé_áîåö_-_Street_Fighter-(1994)-[1080p]_[BD_Remux]
-1
2009
5
4
0
0

d
×åãî_õîòÿò_æåíùèíû_-_What_Woman_Want-(2000)-[1080p]_[BD]
-1
2009
3
15
0
0
