d
.
-1
1994
10
20
17
4

d
..
-1
2010
4
3
0
0

-
_READ_ME.txt
4931
1994
6
8
15
23

d
Àâàòàð_-_Avatar-(2009)-[1080p]_[BD]
-1
1994
5
31
16
26

-
Àìåðèêàíñêèé_ïèðîã_1_[Ðàñøèðåííàÿ_âåðñèÿ]_-_American_Pie_1_[Unrated_Edition]-(1999)-[1080p]_[BD_remux].ts
17577705968 
2009
3
8
0
0

-
Áîëüøîé_êóø_-_Snatch-(2000)-[1080i]_[HDTV].ts
15512934868 
2009
3
16
0
0

d
Áîëüøîé_êóø_-_Snatch-(2000)-[1080p]_[BD_Remux]
-1
1994
6
3
19
7

-
Âîéíà_ìèðîâ_-_War_of_the_Worlds-(2005)-[720p]_[HDTV].mkv
8900589105 
2009
3
24
0
0

-
Ãàíãñòåð_-_American_Gangster-(2007)-[1080p]_[BD_remux].mkv
27728321654 
2009
3
9
0
0

-
Ãàíãñòåð_[Ðàñøèðåííàÿ_âåðñèÿ]_-_American_Gangster_[Unrated_Edition]-(2007)-[1080p]_[BD_remux].mkv
31731782861 
2009
3
9
0
0

-
Äîðîæíîå_ïðèêëþ÷åíèå_-_Road_Trip-(2000)-[720p]_[HDTV_Rip].mkv
5009104014 
2009
3
24
0
0

-
Çâ¸çäíûå_âîéíû-Ýïèçîä_2-Àòàêà_êëîíîâ_-_Star_Wars-Episode_2-Attack_of_the_Clones-(2002)-[1080i]_[HDTV].ts
21410583980 
2009
3
11
0
0

-
Çâ¸çäíûå_âîéíû-Ýïèçîä_3-Ìåñòü_Ñèòõîâ_-_Star_Wars-Episode_3-Revenge_of_the_Sith-(2005)-[1080i]_[HDTV].ts
19858181688 
2009
3
11
0
0

-
Çâ¸çäíûé_äåñàíò_-_Starship_Troopers-(1997)-[1080p]_[BD_remux].mkv
29026065728 
2009
3
16
0
0

-
Çåðêàëà_[Ðàñøèðåííàÿ_âåðñèÿ]_-_Mirrors_[Unrated_Edition]-(2008)-[1080p]_[BD_remux].mkv
22169179449 
2009
3
16
0
0

d
Íèíäçÿ-óáèéöà_-_Ninja_Assassin-(2009)-[1080p]_[BD]
-1
1994
6
15
14
56

-
Îáèòåëü_çëà_3_-_Resident_Evil-Extinction-(2007)-[1080p]_[BD_remux].mkv
19717173247 
2009
3
11
0
0

-
Ïàòîëîãèÿ_-_Pathology-(2008)-[1080p]_[BD_remux].mkv
18660904388 
2009
3
11
0
0

-
Ïèëà_1_[Ðåæèññ¸ðñêàÿ_âåðñèÿ]_-_Saw_I_[Director's_Cut]-(2004)-[1080p]_[HDDVD_remux].mkv
16476154520 
2009
3
5
0
0

-
Ïèëà_2_[Ðåæèññ¸ðñêàÿ_âåðñèÿ]_-_Saw_II_[Director's_Cut]-(2005)-[1080p]_[BD_remux].mkv
19917510515 
2009
3
5
0
0

-
Ïèëà_3_[Ðåæèññ¸ðñêàÿ_âåðñèÿ]_-_Saw_III_[Director's_Cut]-(2006)-[1080p]_[BD_remux].mkv
18085592265 
2009
3
5
0
0

-
Ïèëà_4_[Ðåæèññ¸ðñêàÿ_âåðñèÿ]_-_Saw_IV_[Director's_Cut]-(2007)-[1080p]_[BD_remux].flac
3473582701 
2009
3
5
0
0

-
Ïèëà_4_[Ðåæèññ¸ðñêàÿ_âåðñèÿ]_-_Saw_IV_[Director's_Cut]-(2007)-[1080p]_[BD_remux].mkv
15263958421 
2009
3
5
0
0

-
Ïèëà_5_[Ðåæèññ¸ðñêàÿ_âåðñèÿ]_-_Saw_V_[Director's_Cut]-(2008)-[1080p]_[BD_remux].mkv
19944605507 
2009
3
16
0
0

-
Ïèíãâèíû_èç_Ìàäàãàñêàðà-Îïåðàöèÿ_Ñ_Íîâûì_Ãîäîì!_-_The_Madagascar_Penguins_in_A_Christmas_Caper-(2005)-[1080p]_[BD_remux].ts
3024333064 
2009
3
24
0
0

-
Ïëîõîé_Ñàíòà_[Ðàñøèðåííàÿ_âåðñèÿ]_-_Bad_Santa_[Unrated_Edition]-(2003)-[1080p]_[BD_remux].srt
125961 
2009
3
5
0
0

-
Ïëîõîé_Ñàíòà_[Ðàñøèðåííàÿ_âåðñèÿ]_-_Bad_Santa_[Unrated_Edition]-(2003)-[1080p]_[BD_remux].ts
19908695408 
2009
3
5
0
0

-
Ïîáåã_èç_Øîóøåíêà_-_The_Shawshank_Redemption-(1994)-[1080p]_[BD_remux].mkv
23185439267 
2009
3
11
0
0

-
Òóïîé_è_åùå_òóïåå_[Ðàñøèðåííàÿ_âåðñèÿ]_-_Dumb_and_Dumber_[Unrated_Edition]-(1994)-[1080p]_[BD_remux].mkv
19567287274 
2009
3
16
0
0

-
Óðàãàí_-_The_Hurricane-(1999)-[1080p]_[HDDVD_Rip].mkv
14773061093 
2009
3
16
0
0

-
Õîñòåë_2_[Ðåæèññ¸ðñêàÿ_âåðñèÿ]_-_Hostel_2_[Director's_Cut]-(2007)-[1080p]_[BD_remux].ts
22411268500 
2009
3
11
0
0

-
×óæîé_ïðîòèâ_Õèùíèêà_[Ðàñøèðåííàÿ_âåðñèÿ]_-_Alien_vs_Predator_[Unrated_Edition]-(2004)-[1080p]_[BD_remux].mkv
23712519861 
2009
3
11
0
0
